// Jest Snapshot v1, https://goo.gl/fbAQLP

exports[`<Board/> renders properly 1`] = `
.c0 {
  background: #FFF;
  background-position: center center;
  background-size: cover;
  border-radius: 3px;
  box-shadow: 0 4px 8px 3px rgba(0,0,0,0.2);
  box-sizing: border-box;
  display: -webkit-box;
  display: -webkit-flex;
  display: -ms-flexbox;
  display: flex;
  -webkit-flex-wrap: wrap;
  -ms-flex-wrap: wrap;
  flex-wrap: wrap;
  height: 300px;
  margin-top: 16px;
  padding: 16px;
  position: relative;
  width: 300px;
}

<Board>
  <div
    className="c0"
  />
</Board>
`;
