// Jest Snapshot v1, https://goo.gl/fbAQLP

exports[`<Control/> renders properly 1`] = `
.c0 {
  -webkit-align-items: center;
  -webkit-box-align: center;
  -ms-flex-align: center;
  align-items: center;
  border: none;
  display: -webkit-box;
  display: -webkit-flex;
  display: -ms-flexbox;
  display: flex;
  -webkit-flex-direction: column;
  -ms-flex-direction: column;
  flex-direction: column;
  font-size: 0.64em;
  font-weight: bold;
  height: 42px;
  -webkit-box-pack: justify;
  -webkit-justify-content: space-between;
  -ms-flex-pack: justify;
  justify-content: space-between;
  opacity: 1;
  padding: 0;
  -webkit-transition: opacity 0.3s ease;
  transition: opacity 0.3s ease;
}

.c0:focus {
  outline: none;
}

<Control>
  <button
    className="c0"
  >
    Control text
  </button>
</Control>
`;
