// Jest Snapshot v1, https://goo.gl/fbAQLP

exports[`<Credits/> renders properly 1`] = `
.c0 {
  bottom: 0;
  font-size: 0.7em;
  left: 0;
  line-height: 1.44em;
  position: fixed;
  text-align: center;
  width: 100%;
}

<Credits>
  <p
    className="c0"
  >
    Made by john
  </p>
</Credits>
`;
