// Jest Snapshot v1, https://goo.gl/fbAQLP

exports[`<Positioner/> renders properly 1`] = `
.c0 {
  bottom: 0px;
  left: 0px;
  position: fixed;
  right: 0px;
  top: 0px;
  -webkit-transform: translate(0px,0px);
  -ms-transform: translate(0px,0px);
  transform: translate(0px,0px);
  -webkit-transition: all 0.6s ease;
  transition: all 0.6s ease;
}

<Positioner>
  <div
    className="c0"
  />
</Positioner>
`;
