// Jest Snapshot v1, https://goo.gl/fbAQLP

exports[`<PuzzleHolder/> renders properly 1`] = `
.c0 {
  background: #238BFF;
  background: linear-gradient(30deg,#238BFF 0%,#7D05AA 100%);
  box-shadow: inset 0 1px 4px 2px rgba(0,0,0,0.1);
  height: 268px;
  width: 268px;
}

<PuzzleHolder>
  <div
    className="c0"
  />
</PuzzleHolder>
`;
