// Jest Snapshot v1, https://goo.gl/fbAQLP

exports[`<Section/> renders properly 1`] = `
.c0 {
  margin-top: 42px;
  text-align: center;
}

<Section>
  <section
    className="c0"
  >
    section text
  </section>
</Section>
`;
