// Jest Snapshot v1, https://goo.gl/fbAQLP

exports[`<PuzzleBoard/> renders properly 1`] = `
<Board
  onTouchEnd={[Function]}
  onTouchStart={[Function]}
>
  <div
    className="sc-iwsKbI epIAEG"
    onTouchEnd={[Function]}
    onTouchStart={[Function]}
  >
    <PuzzleHolder>
      <div
        className="sc-gZMcBi gDgmOB"
      >
        <Piece
          left={0}
          top={0}
        >
          <div
            className="sc-gqjmRU jHsaGe"
          >
            <PieceImage
              image=""
              left={-67}
              top={-0}
            >
              <div
                className="sc-VigVT fIqCJj"
              />
            </PieceImage>
          </div>
        </Piece>
        <Piece
          left={134}
          top={0}
        >
          <div
            className="sc-gqjmRU guMLcV"
          >
            <PieceImage
              image=""
              left={-134}
              top={-0}
            >
              <div
                className="sc-VigVT eFTdJG"
              />
            </PieceImage>
          </div>
        </Piece>
        <Piece
          left={201}
          top={0}
        >
          <div
            className="sc-gqjmRU dukDdZ"
          >
            <PieceImage
              image=""
              left={-201}
              top={-0}
            >
              <div
                className="sc-VigVT fFWRCF"
              />
            </PieceImage>
          </div>
        </Piece>
        <Piece
          left={0}
          top={67}
        >
          <div
            className="sc-gqjmRU dzpEya"
          >
            <PieceImage
              image=""
              left={-0}
              top={-67}
            >
              <div
                className="sc-VigVT jljySD"
              />
            </PieceImage>
          </div>
        </Piece>
        <Piece
          left={67}
          top={67}
        >
          <div
            className="sc-gqjmRU kbLygx"
          >
            <PieceImage
              image=""
              left={-67}
              top={-67}
            >
              <div
                className="sc-VigVT ctaygX"
              />
            </PieceImage>
          </div>
        </Piece>
        <Piece
          left={134}
          top={67}
        >
          <div
            className="sc-gqjmRU bfgdvl"
          >
            <PieceImage
              image=""
              left={-134}
              top={-67}
            >
              <div
                className="sc-VigVT fgDWPo"
              />
            </PieceImage>
          </div>
        </Piece>
        <Piece
          left={201}
          top={67}
        >
          <div
            className="sc-gqjmRU hXXxcB"
          >
            <PieceImage
              image=""
              left={-201}
              top={-67}
            >
              <div
                className="sc-VigVT zikom"
              />
            </PieceImage>
          </div>
        </Piece>
        <Piece
          left={0}
          top={134}
        >
          <div
            className="sc-gqjmRU hHDSto"
          >
            <PieceImage
              image=""
              left={-0}
              top={-134}
            >
              <div
                className="sc-VigVT htULSm"
              />
            </PieceImage>
          </div>
        </Piece>
        <Piece
          left={67}
          top={134}
        >
          <div
            className="sc-gqjmRU bzclvp"
          >
            <PieceImage
              image=""
              left={-67}
              top={-134}
            >
              <div
                className="sc-VigVT hvJYcH"
              />
            </PieceImage>
          </div>
        </Piece>
        <Piece
          left={134}
          top={134}
        >
          <div
            className="sc-gqjmRU fVeBUQ"
          >
            <PieceImage
              image=""
              left={-134}
              top={-134}
            >
              <div
                className="sc-VigVT lmZoYJ"
              />
            </PieceImage>
          </div>
        </Piece>
        <Piece
          left={201}
          top={134}
        >
          <div
            className="sc-gqjmRU dKmhpK"
          >
            <PieceImage
              image=""
              left={-201}
              top={-134}
            >
              <div
                className="sc-VigVT kWGaLb"
              />
            </PieceImage>
          </div>
        </Piece>
        <Piece
          left={0}
          top={201}
        >
          <div
            className="sc-gqjmRU jcWuJk"
          >
            <PieceImage
              image=""
              left={-0}
              top={-201}
            >
              <div
                className="sc-VigVT EPtpx"
              />
            </PieceImage>
          </div>
        </Piece>
        <Piece
          left={67}
          top={201}
        >
          <div
            className="sc-gqjmRU bduzEv"
          >
            <PieceImage
              image=""
              left={-67}
              top={-201}
            >
              <div
                className="sc-VigVT kYveBR"
              />
            </PieceImage>
          </div>
        </Piece>
        <Piece
          left={134}
          top={201}
        >
          <div
            className="sc-gqjmRU jKBdKP"
          >
            <PieceImage
              image=""
              left={-134}
              top={-201}
            >
              <div
                className="sc-VigVT ixgRcQ"
              />
            </PieceImage>
          </div>
        </Piece>
        <Piece
          left={201}
          top={201}
        >
          <div
            className="sc-gqjmRU hYfMog"
          >
            <PieceImage
              image=""
              left={-201}
              top={-201}
            >
              <div
                className="sc-VigVT ktZbvi"
              />
            </PieceImage>
          </div>
        </Piece>
      </div>
    </PuzzleHolder>
  </div>
</Board>
`;
